[surprise4u.me/786/indexddc0.html]
[backblue.gif]
[fade.gif]
[index.html]
[surprise4u.me/786/img3/ogf.jpg]
[cdnjs.cloudflare.com/ajax/libs/animate.css/3.5.2/animate.min.css]
[ajax.googleapis.com/ajax/libs/jquery/3.3.1/jquery.min.js]
[surprise4u.me/786/slide.js]
[surprise4u.me/786/img3/sname1.gif]
[surprise4u.me/786/left.jpg]
[surprise4u.me/786/right.jpg]
[surprise4u.me/786/img3/arrow.gif]
[surprise4u.me/786/img3/kaaba.png]
[surprise4u.me/786/img3/rmd1.png]
[surprise4u.me/786/img3/rmd2.png]
[surprise4u.me/786/img3/rmd3.png]
[surprise4u.me/786/img3/rmd4.png]
[surprise4u.me/786/img3/rmd5.png]
[surprise4u.me/786/img3/rmd6.png]
[surprise4u.me/786/img3/rmd7.png]
[surprise4u.me/786/wish1.gif]
[surprise4u.me/786/eidul02.png]
[surprise4u.me/786/img3/ramzan1.png]
[surprise4u.me/786/img3/ramzan2.png]
[surprise4u.me/786/img3/ramzan3.png]
[surprise4u.me/786/img3/ramzan4.png]
[surprise4u.me/786/img3/ramzan5.png]
[surprise4u.me/786/indexddc0.html]
[surprise4u.me/786/index.html]
[surprise4u.me/786/img3/ogf.html]
[cdnjs.cloudflare.com/ajax/libs/animate.css/3.5.2/animate.min.css]
